#
# Copyright (c) 2019 Red Hat, Inc.
# This program and the accompanying materials are made
# available under the terms of the Eclipse Public License 2.0
# which is available at:
#
#     https://www.eclipse.org/legal/epl-2.0/
#
# SPDX-License-Identifier: EPL-2.0
#
# Contributors:
#   Red Hat, Inc. - initial API and implementation
#

---
apiVersion: v1
kind: List
items:
- apiVersion: v1
  kind: Secret
  metadata:
    name: mydockerkey
    namespace: default
  data:
    .dockercfg: eyJkb2NrZXIuaW8iOnsidXNlcm5hbWUiOiJ1c2VybmFtZSIsInBhc3N3b3JkIjoidGhpcy9pcyVhI3Bhc3N3b3JkIiwiZW1haWwiOiJiYXJAYmFyLmNvbSJ9fQ==
  type: kubernetes.io/dockercfg
- apiVersion: v1
  kind: Secret
  metadata:
    name: mydockerkey1
    namespace: default
  data:
    .dockercfg: eyJkb2NrZXIxLmlvIjp7InVzZXJuYW1lIjoidXNlcm5hbWUxIiwicGFzc3dvcmQiOiJ0aGlzL2lzJWEjcGFzc3dvcmQhMSIsImVtYWlsIjoiYmFyMUBiYXIuY29tIn19
  type: kubernetes.io/dockercfg
- apiVersion: v1
  kind: Secret
  metadata:
    name: mydockerkey2
  data:
    .dockercfg: eyJkb2NrZXIxLmlvIjp7InVzZXJuYW1lIjoidXNlcm5hbWUxIiwicGFzc3dvcmQiOiJ0aGlzL2lzJWEjcGFzc3dvcmQhMSIsImVtYWlsIjoiYmFyMUBiYXIuY29tIn19
  type: kubernetes.io/dockercfg
