#
# Copyright (c) 2019 Red Hat, Inc.
# This program and the accompanying materials are made
# available under the terms of the Eclipse Public License 2.0
# which is available at:
#
#     https://www.eclipse.org/legal/epl-2.0/
#
# SPDX-License-Identifier: EPL-2.0
#
# Contributors:
#   Red Hat, Inc. - initial API and implementation
#

---
apiVersion: v1
kind: List
items:
- kind: Deployment
  spec:
    template:
      spec:
        containers:
        - image: img1:latest
          livenessProbe:
            exec:
              command:
              - echo
              - '"hello"'
          name: dockerhc1
          readinessProbe:
            exec:
              command:
              - echo
              - '"hello"'
        - image: img2:latest
          livenessProbe:
            exec:
              command:
              - echo
              - '"hello"'
            failureThreshold: 5
            periodSeconds: 45
            timeoutSeconds: 7381
          name: dockerhc2
          readinessProbe:
            exec:
              command:
              - echo
              - '"hello"'
            failureThreshold: 5
            periodSeconds: 45
            timeoutSeconds: 7381
